// Jest Snapshot v1, https://goo.gl/fbAQLP

exports[`Recipe Card can be rendered using typical props and matches its previous image - 1 1`] = `null`;

exports[`Recipe Card can be rendered using typical props and matches its previous image - 2 1`] = `null`;

exports[`Recipe Card can be rendered using typical props and matches its previous image - 3 1`] = `null`;

exports[`Recipe Card can be rendered using typical props and matches its previous image - 4 1`] = `null`;

exports[`Recipe Card can be rendered using typical props and matches its previous image - 5 1`] = `null`;

exports[`Recipe Card can be rendered using typical props and matches its previous image - 6 1`] = `null`;

exports[`Recipe Card can be rendered when the recipe has NO COVER IMAGE and matches its previous image 1`] = `null`;

exports[`Recipe Card can be rendered when the recipe has a LONG RESHARER USERNAME and matches its previous image 1`] = `null`;

exports[`Recipe Card can be rendered when the recipe has been COMMENTED and matches its previous image 1`] = `null`;

exports[`Recipe Card can be rendered when the recipe has been LIKED and matches its previous image 1`] = `null`;

exports[`Recipe Card can be rendered when the recipe has been LIKED, COMMENTED, and SHARED and matches its previous image 1`] = `null`;

exports[`Recipe Card can be rendered when the recipe has been RE_SHARED BY SOMEONE and matches its previous image 1`] = `null`;

exports[`Recipe Card can be rendered when the recipe has been SHARED and matches its previous image 1`] = `null`;

exports[`Recipe Card can be rendered when the recipe has been a LONG RECIPE NAME and matches its previous image 1`] = `null`;

exports[`Recipe Card can be rendered when the recipe has is from a chef with NO CHEFIMAGE and matches its previous image 1`] = `null`;

exports[`Recipe Card can be rendered when the recipe has is from a chef with a LONG USERNAME and matches its previous image 1`] = `null`;
