// Jest Snapshot v1, https://goo.gl/fbAQLP

exports[`appLoading page should load and render with no saved login 1`] = `
<View
  style={
    {
      "flex": 1,
    }
  }
>
  <View
    accessibilityIgnoresInvertColors={true}
    style={
      {
        "flex": 1,
      }
    }
  >
    <Image
      source={1}
      style={
        [
          {
            "bottom": 0,
            "left": 0,
            "position": "absolute",
            "right": 0,
            "top": 0,
          },
          {
            "height": undefined,
            "width": undefined,
          },
          {},
        ]
      }
    />
    <View
      style={
        {
          "alignItems": "center",
          "justifyContent": "center",
          "top": 133.4,
        }
      }
    >
      <Image
        resizeMode="contain"
        source={1}
        style={
          {
            "height": 266.8,
            "width": "75%",
          }
        }
        testID="yellowLogo"
      />
    </View>
  </View>
</View>
`;
