// Jest Snapshot v1, https://goo.gl/fbAQLP

exports[`AppLoading rendering renders fully; has 1 logo 1`] = `
<Connect(AppLoading)
  setLoadedAndLoggedIn={
    [MockFunction] {
      "calls": Array [
        Array [
          Object {
            "loaded": true,
            "loggedIn": false,
          },
        ],
      ],
      "results": Array [
        Object {
          "type": "return",
          "value": undefined,
        },
      ],
    }
  }
>
  <AppLoading
    e_mail=""
    loggedInChef={
      Object {
        "auth_token": "",
        "id": "",
        "image_url": "",
        "is_admin": false,
        "username": "",
      }
    }
    password=""
    setLoadedAndLoggedIn={
      [MockFunction] {
        "calls": Array [
          Array [
            Object {
              "loaded": true,
              "loggedIn": false,
            },
          ],
        ],
        "results": Array [
          Object {
            "type": "return",
            "value": undefined,
          },
        ],
      }
    }
    stayLoggedIn={[Function]}
    stayingLoggedIn={false}
    updateLoggedInChefInState={[Function]}
  >
    <View
      style={
        Object {
          "flex": 1,
        }
      }
    >
      <View
        style={
          Object {
            "flex": 1,
          }
        }
      >
        <ImageBackground
          imageStyle={Object {}}
          source={1}
          style={
            Object {
              "flex": 1,
            }
          }
        >
          <View
            accessibilityIgnoresInvertColors={true}
            style={
              Object {
                "flex": 1,
              }
            }
          >
            <View
              accessibilityIgnoresInvertColors={true}
              style={
                Object {
                  "flex": 1,
                }
              }
            >
              <Image
                source={1}
                style={
                  Array [
                    Object {
                      "bottom": 0,
                      "left": 0,
                      "position": "absolute",
                      "right": 0,
                      "top": 0,
                    },
                    Object {
                      "height": undefined,
                      "width": undefined,
                    },
                    Object {},
                  ]
                }
              >
                <Image
                  source={1}
                  style={
                    Array [
                      Object {
                        "bottom": 0,
                        "left": 0,
                        "position": "absolute",
                        "right": 0,
                        "top": 0,
                      },
                      Object {
                        "height": undefined,
                        "width": undefined,
                      },
                      Object {},
                    ]
                  }
                />
              </Image>
              <View
                style={
                  Object {
                    "alignItems": "center",
                    "justifyContent": "center",
                    "top": 133.4,
                  }
                }
              >
                <View
                  style={
                    Object {
                      "alignItems": "center",
                      "justifyContent": "center",
                      "top": 133.4,
                    }
                  }
                >
                  <Image
                    resizeMode="contain"
                    source={1}
                    style={
                      Object {
                        "height": 266.8,
                        "width": "75%",
                      }
                    }
                    testID="yellowLogo"
                  >
                    <Image
                      resizeMode="contain"
                      source={1}
                      style={
                        Object {
                          "height": 266.8,
                          "width": "75%",
                        }
                      }
                      testID="yellowLogo"
                    />
                  </Image>
                </View>
              </View>
            </View>
          </View>
        </ImageBackground>
      </View>
    </View>
  </AppLoading>
</Connect(AppLoading)>
`;
