// Jest Snapshot v1, https://goo.gl/fbAQLP

exports[`CreateChef renders; has 5 TextInputs and 9 TouchableOpacities 1`] = `
<RCTSafeAreaView
  emulateUnlessSupported={true}
  style={
    Object {
      "borderColor": "blue",
      "borderWidth": 0,
      "flex": 1,
    }
  }
>
  <View
    onLayout={[Function]}
    style={
      Array [
        Object {
          "alignItems": "center",
          "borderColor": "red",
          "borderWidth": 0,
          "flex": 1,
        },
        Object {
          "paddingBottom": 0,
        },
      ]
    }
  >
    <Image
      resizeMode="cover"
      source={1}
      style={
        Object {
          "borderColor": "black",
          "borderWidth": 0,
          "height": 1334,
          "position": "absolute",
          "width": 750,
        }
      }
    />
    <RCTScrollView
      keyboardShouldPersistTaps="always"
      nestedScrollEnabled={true}
      scrollEnabled={true}
      style={
        Object {
          "borderColor": "yellow",
          "borderWidth": 0,
          "flex": 1,
        }
      }
    >
      <View>
        <View
          accessible={true}
          focusable={true}
          onClick={[Function]}
          onResponderGrant={[Function]}
          onResponderMove={[Function]}
          onResponderRelease={[Function]}
          onResponderTerminate={[Function]}
          onResponderTerminationRequest={[Function]}
          onStartShouldSetResponder={[Function]}
          style={
            Object {
              "flex": 1,
              "opacity": 1,
            }
          }
        >
          <View
            style={
              Array [
                Object {
                  "alignItems": "center",
                  "borderWidth": 0,
                  "justifyContent": "center",
                  "marginLeft": 75,
                  "marginRight": 75,
                  "width": 600,
                },
                Object {
                  "marginTop": 66.7,
                },
              ]
            }
          >
            <View
              style={
                Object {
                  "borderColor": "yellow",
                  "borderWidth": 0,
                  "width": "100%",
                }
              }
            >
              <View
                style={
                  Object {
                    "alignItems": "center",
                    "borderRadius": 5,
                    "flexDirection": "row",
                    "flexWrap": "wrap",
                    "justifyContent": "space-between",
                    "marginTop": 6.67,
                    "minHeight": 80.03999999999999,
                    "overflow": "hidden",
                    "width": "100%",
                  }
                }
              >
                <Text
                  maxFontSizeMultiplier={2}
                  style={
                    Object {
                      "backgroundColor": "white",
                      "borderColor": "#104e01",
                      "borderRadius": 5,
                      "borderWidth": 1,
                      "color": "#505050",
                      "fontSize": 33.35,
                      "fontWeight": "bold",
                      "paddingLeft": 15,
                      "paddingRight": 15,
                      "textAlign": "center",
                      "width": "100%",
                    }
                  }
                >
                  Please register and click the link in your confirmation e-mail!
                </Text>
              </View>
            </View>
            <View
              style={
                Object {
                  "borderColor": "yellow",
                  "borderWidth": 0,
                  "width": "100%",
                }
              }
            >
              <View
                style={
                  Object {
                    "alignItems": "center",
                    "borderRadius": 5,
                    "flexDirection": "row",
                    "flexWrap": "wrap",
                    "justifyContent": "space-between",
                    "marginTop": 6.67,
                    "minHeight": 80.03999999999999,
                    "overflow": "hidden",
                    "width": "100%",
                  }
                }
              >
                <View
                  style={
                    Object {
                      "alignItems": "center",
                      "backgroundColor": "white",
                      "borderColor": "#104e01",
                      "borderRadius": 5,
                      "borderWidth": 1,
                      "flexDirection": "row",
                      "height": "100%",
                      "overflow": "hidden",
                      "width": "100%",
                    }
                  }
                >
                  <TextInput
                    allowFontScaling={true}
                    autoCapitalize="none"
                    keyboardType="email-address"
                    maxFontSizeMultiplier={2}
                    onChange={[Function]}
                    placeholder="e-mail"
                    rejectResponderTermination={true}
                    style={
                      Object {
                        "borderRadius": 5,
                        "fontSize": 30.595932917809698,
                        "paddingLeft": 15,
                        "paddingVertical": 6.67,
                        "textAlign": "left",
                        "textAlignVertical": "center",
                        "width": "100%",
                      }
                    }
                    underlineColorAndroid="transparent"
                    value=""
                  />
                </View>
              </View>
            </View>
            <View
              style={
                Object {
                  "borderColor": "yellow",
                  "borderWidth": 0,
                  "width": "100%",
                }
              }
            >
              <View
                style={
                  Object {
                    "alignItems": "center",
                    "borderRadius": 5,
                    "flexDirection": "row",
                    "flexWrap": "wrap",
                    "justifyContent": "space-between",
                    "marginTop": 6.67,
                    "minHeight": 80.03999999999999,
                    "overflow": "hidden",
                    "width": "100%",
                  }
                }
              >
                <View
                  style={
                    Object {
                      "alignItems": "center",
                      "backgroundColor": "white",
                      "borderColor": "#104e01",
                      "borderRadius": 5,
                      "borderWidth": 1,
                      "flexDirection": "row",
                      "height": "100%",
                      "overflow": "hidden",
                      "width": "100%",
                    }
                  }
                >
                  <TextInput
                    allowFontScaling={true}
                    autoCapitalize="none"
                    maxFontSizeMultiplier={2}
                    onChange={[Function]}
                    placeholder="username"
                    rejectResponderTermination={true}
                    style={
                      Object {
                        "borderRadius": 5,
                        "fontSize": 30.595932917809698,
                        "paddingLeft": 15,
                        "paddingVertical": 6.67,
                        "textAlign": "left",
                        "textAlignVertical": "center",
                        "width": "100%",
                      }
                    }
                    underlineColorAndroid="transparent"
                    value=""
                  />
                </View>
              </View>
            </View>
            <View
              style={
                Object {
                  "borderColor": "yellow",
                  "borderWidth": 0,
                  "width": "100%",
                }
              }
            >
              <View
                style={
                  Object {
                    "alignItems": "center",
                    "borderRadius": 5,
                    "flexDirection": "row",
                    "flexWrap": "wrap",
                    "justifyContent": "space-between",
                    "marginTop": 6.67,
                    "minHeight": 80.03999999999999,
                    "overflow": "hidden",
                    "width": "100%",
                  }
                }
              >
                <View
                  style={
                    Array [
                      Object {
                        "backgroundColor": "white",
                        "borderColor": "#104e01",
                        "borderRadius": 5,
                        "borderWidth": 1,
                        "justifyContent": "center",
                        "overflow": "hidden",
                        "width": "100%",
                      },
                      Object {
                        "height": 44,
                      },
                    ]
                  }
                >
                  <View
                    style={
                      Object {
                        "height": "100%",
                        "width": "100%",
                      }
                    }
                  >
                    <View
                      accessible={true}
                      focusable={true}
                      onClick={[Function]}
                      onResponderGrant={[Function]}
                      onResponderMove={[Function]}
                      onResponderRelease={[Function]}
                      onResponderTerminate={[Function]}
                      onResponderTerminationRequest={[Function]}
                      onStartShouldSetResponder={[Function]}
                      style={
                        Object {
                          "alignItems": "center",
                          "flexDirection": "row",
                          "height": "100%",
                          "justifyContent": "flex-start",
                          "opacity": 1,
                          "width": "100%",
                        }
                      }
                    >
                      <Text
                        maxFontSizeMultiplier={2}
                        style={
                          Object {
                            "marginLeft": 15,
                          }
                        }
                      >
                        United States
                      </Text>
                      <Icon
                        name="caret-down"
                        size={46.690000000000005}
                        style={
                          Array [
                            Object {
                              "color": "#505050",
                            },
                            Object {
                              "marginRight": "5%",
                              "position": "absolute",
                              "right": 0,
                            },
                          ]
                        }
                      />
                    </View>
                  </View>
                </View>
              </View>
            </View>
            <View
              style={
                Object {
                  "borderColor": "yellow",
                  "borderWidth": 0,
                  "width": "100%",
                }
              }
            >
              <View
                style={
                  Object {
                    "alignItems": "center",
                    "borderRadius": 5,
                    "flexDirection": "row",
                    "flexWrap": "wrap",
                    "justifyContent": "space-between",
                    "marginTop": 6.67,
                    "minHeight": 80.03999999999999,
                    "overflow": "hidden",
                    "width": "100%",
                  }
                }
              >
                <View
                  style={
                    Array [
                      Object {
                        "alignItems": "center",
                        "backgroundColor": "white",
                        "borderColor": "#104e01",
                        "borderRadius": 5,
                        "borderWidth": 1,
                        "flexDirection": "row",
                        "height": "100%",
                        "overflow": "hidden",
                        "width": "100%",
                      },
                      Object {
                        "minHeight": 160.07999999999998,
                      },
                    ]
                  }
                >
                  <TextInput
                    allowFontScaling={true}
                    maxFontSizeMultiplier={2}
                    multiline={true}
                    numberOfLines={3}
                    onChange={[Function]}
                    placeholder="about me"
                    rejectResponderTermination={true}
                    style={
                      Object {
                        "borderRadius": 5,
                        "fontSize": 30.595932917809698,
                        "paddingLeft": 15,
                        "paddingVertical": 6.67,
                        "textAlign": "left",
                        "textAlignVertical": "center",
                        "width": "100%",
                      }
                    }
                    underlineColorAndroid="transparent"
                    value=""
                  />
                </View>
              </View>
            </View>
            <View
              style={
                Object {
                  "borderColor": "yellow",
                  "borderWidth": 0,
                  "width": "100%",
                }
              }
            >
              <View
                style={
                  Object {
                    "alignItems": "center",
                    "borderRadius": 5,
                    "flexDirection": "row",
                    "flexWrap": "wrap",
                    "justifyContent": "space-between",
                    "marginTop": 6.67,
                    "minHeight": 80.03999999999999,
                    "overflow": "hidden",
                    "width": "100%",
                  }
                }
              >
                <View
                  style={
                    Object {
                      "alignItems": "center",
                      "backgroundColor": "white",
                      "borderColor": "#104e01",
                      "borderRadius": 5,
                      "borderWidth": 1,
                      "flexDirection": "row",
                      "height": "100%",
                      "overflow": "hidden",
                      "width": "100%",
                    }
                  }
                >
                  <TextInput
                    allowFontScaling={true}
                    autoCapitalize="none"
                    maxFontSizeMultiplier={2}
                    onChange={[Function]}
                    placeholder="password"
                    rejectResponderTermination={true}
                    secureTextEntry={true}
                    style={
                      Object {
                        "borderRadius": 5,
                        "fontSize": 30.595932917809698,
                        "paddingLeft": 15,
                        "paddingVertical": 6.67,
                        "textAlign": "left",
                        "textAlignVertical": "center",
                        "width": "100%",
                      }
                    }
                    underlineColorAndroid="transparent"
                    value=""
                  />
                </View>
              </View>
            </View>
            <View
              style={
                Object {
                  "borderColor": "yellow",
                  "borderWidth": 0,
                  "width": "100%",
                }
              }
            >
              <View
                style={
                  Object {
                    "alignItems": "center",
                    "borderRadius": 5,
                    "flexDirection": "row",
                    "flexWrap": "wrap",
                    "justifyContent": "space-between",
                    "marginTop": 6.67,
                    "minHeight": 80.03999999999999,
                    "overflow": "hidden",
                    "width": "100%",
                  }
                }
              >
                <View
                  style={
                    Object {
                      "alignItems": "center",
                      "backgroundColor": "white",
                      "borderColor": "#104e01",
                      "borderRadius": 5,
                      "borderWidth": 1,
                      "flexDirection": "row",
                      "height": "100%",
                      "overflow": "hidden",
                      "width": "100%",
                    }
                  }
                >
                  <TextInput
                    allowFontScaling={true}
                    autoCapitalize="none"
                    maxFontSizeMultiplier={2}
                    onChange={[Function]}
                    placeholder="password confirmation"
                    rejectResponderTermination={true}
                    secureTextEntry={true}
                    style={
                      Object {
                        "borderRadius": 5,
                        "fontSize": 30.595932917809698,
                        "paddingLeft": 15,
                        "paddingVertical": 6.67,
                        "textAlign": "left",
                        "textAlignVertical": "center",
                        "width": "100%",
                      }
                    }
                    underlineColorAndroid="transparent"
                    value=""
                  />
                </View>
              </View>
            </View>
            <View
              style={
                Object {
                  "borderColor": "yellow",
                  "borderWidth": 0,
                  "width": "100%",
                }
              }
            >
              <View
                style={
                  Object {
                    "alignItems": "center",
                    "borderRadius": 5,
                    "flexDirection": "row",
                    "flexWrap": "wrap",
                    "justifyContent": "space-between",
                    "marginTop": 6.67,
                    "minHeight": 80.03999999999999,
                    "overflow": "hidden",
                    "width": "100%",
                  }
                }
              >
                <View
                  accessible={true}
                  focusable={true}
                  onClick={[Function]}
                  onResponderGrant={[Function]}
                  onResponderMove={[Function]}
                  onResponderRelease={[Function]}
                  onResponderTerminate={[Function]}
                  onResponderTerminationRequest={[Function]}
                  onStartShouldSetResponder={[Function]}
                  style={
                    Object {
                      "alignItems": "center",
                      "backgroundColor": "white",
                      "borderColor": "#104e01",
                      "borderRadius": 5,
                      "borderWidth": 1,
                      "flexDirection": "row",
                      "height": "100%",
                      "minHeight": 80.03999999999999,
                      "opacity": 1,
                      "width": 360,
                    }
                  }
                >
                  <Text
                    maxFontSizeMultiplier={2}
                    style={
                      Object {
                        "borderRadius": 5,
                        "fontSize": 30.595932917809698,
                        "paddingLeft": 15,
                        "textAlign": "left",
                        "textAlignVertical": "center",
                        "width": "100%",
                      }
                    }
                  >
                    View Terms & Conditions
                  </Text>
                </View>
                <View
                  accessible={true}
                  focusable={true}
                  onClick={[Function]}
                  onResponderGrant={[Function]}
                  onResponderMove={[Function]}
                  onResponderRelease={[Function]}
                  onResponderTerminate={[Function]}
                  onResponderTerminationRequest={[Function]}
                  onStartShouldSetResponder={[Function]}
                  style={
                    Object {
                      "alignItems": "center",
                      "backgroundColor": "#fff59b",
                      "borderColor": "#104e01",
                      "borderRadius": 5,
                      "borderWidth": 1,
                      "flexDirection": "row",
                      "height": "100%",
                      "justifyContent": "space-evenly",
                      "maxWidth": 225,
                      "minHeight": 80.03999999999999,
                      "minWidth": 225,
                      "opacity": 1,
                    }
                  }
                >
                  <View
                    style={
                      Object {
                        "alignItems": "center",
                        "flexDirection": "row",
                        "flexWrap": "wrap",
                        "justifyContent": "center",
                      }
                    }
                  >
                    <Text
                      maxFontSizeMultiplier={2}
                      style={
                        Object {
                          "color": "#104e01",
                          "fontSize": 27.53633962602873,
                          "fontWeight": "bold",
                          "paddingHorizontal": 7.5,
                          "textAlign": "center",
                        }
                      }
                    >
                      I accept
                    </Text>
                    <RCTSwitch
                      accessibilityRole="switch"
                      onChange={[Function]}
                      onResponderTerminationRequest={[Function]}
                      onStartShouldSetResponder={[Function]}
                      onTintColor="#4b714299"
                      style={
                        Object {
                          "height": 31,
                          "width": 51,
                        }
                      }
                      thumbTintColor="#ececec"
                      value={false}
                    />
                  </View>
                </View>
              </View>
            </View>
            <View
              style={
                Object {
                  "borderColor": "yellow",
                  "borderWidth": 0,
                  "width": "100%",
                }
              }
            >
              <View
                style={
                  Object {
                    "alignItems": "center",
                    "borderRadius": 5,
                    "flexDirection": "row",
                    "flexWrap": "wrap",
                    "justifyContent": "space-between",
                    "marginTop": 6.67,
                    "minHeight": 80.03999999999999,
                    "overflow": "hidden",
                    "width": "100%",
                  }
                }
              >
                <View
                  accessible={true}
                  focusable={true}
                  onClick={[Function]}
                  onResponderGrant={[Function]}
                  onResponderMove={[Function]}
                  onResponderRelease={[Function]}
                  onResponderTerminate={[Function]}
                  onResponderTerminationRequest={[Function]}
                  onStartShouldSetResponder={[Function]}
                  style={
                    Object {
                      "alignItems": "center",
                      "backgroundColor": "white",
                      "borderColor": "#104e01",
                      "borderRadius": 5,
                      "borderWidth": 1,
                      "flexDirection": "row",
                      "height": "100%",
                      "minHeight": 80.03999999999999,
                      "opacity": 1,
                      "width": 360,
                    }
                  }
                >
                  <Text
                    maxFontSizeMultiplier={2}
                    style={
                      Object {
                        "borderRadius": 5,
                        "fontSize": 30.595932917809698,
                        "paddingLeft": 15,
                        "textAlign": "left",
                        "textAlignVertical": "center",
                        "width": "100%",
                      }
                    }
                  >
                    View Privacy Policy
                  </Text>
                </View>
                <View
                  accessible={true}
                  focusable={true}
                  onClick={[Function]}
                  onResponderGrant={[Function]}
                  onResponderMove={[Function]}
                  onResponderRelease={[Function]}
                  onResponderTerminate={[Function]}
                  onResponderTerminationRequest={[Function]}
                  onStartShouldSetResponder={[Function]}
                  style={
                    Object {
                      "alignItems": "center",
                      "backgroundColor": "#fff59b",
                      "borderColor": "#104e01",
                      "borderRadius": 5,
                      "borderWidth": 1,
                      "flexDirection": "row",
                      "height": "100%",
                      "justifyContent": "space-evenly",
                      "maxWidth": 225,
                      "minHeight": 80.03999999999999,
                      "minWidth": 225,
                      "opacity": 1,
                    }
                  }
                >
                  <View
                    style={
                      Object {
                        "alignItems": "center",
                        "flexDirection": "row",
                        "flexWrap": "wrap",
                        "justifyContent": "center",
                      }
                    }
                  >
                    <Text
                      maxFontSizeMultiplier={2}
                      style={
                        Object {
                          "color": "#104e01",
                          "fontSize": 27.53633962602873,
                          "fontWeight": "bold",
                          "paddingHorizontal": 7.5,
                          "textAlign": "center",
                        }
                      }
                    >
                      I accept
                    </Text>
                    <RCTSwitch
                      accessibilityRole="switch"
                      onChange={[Function]}
                      onResponderTerminationRequest={[Function]}
                      onStartShouldSetResponder={[Function]}
                      onTintColor="#4b714299"
                      style={
                        Array [
                          Object {
                            "height": 31,
                            "width": 51,
                          },
                          Object {
                            "transform": Array [
                              Object {
                                "scaleX": 0.7,
                              },
                              Object {
                                "scaleY": 0.7,
                              },
                            ],
                          },
                        ]
                      }
                      thumbTintColor="#ececec"
                      value={false}
                    />
                  </View>
                </View>
              </View>
            </View>
            <View
              style={
                Object {
                  "borderColor": "yellow",
                  "borderWidth": 0,
                  "width": "100%",
                }
              }
            >
              <View
                style={
                  Object {
                    "alignItems": "center",
                    "borderRadius": 5,
                    "flexDirection": "row",
                    "flexWrap": "wrap",
                    "justifyContent": "space-between",
                    "marginTop": 6.67,
                    "minHeight": 80.03999999999999,
                    "overflow": "hidden",
                    "width": "100%",
                  }
                }
              >
                <View
                  accessible={true}
                  focusable={true}
                  onClick={[Function]}
                  onResponderGrant={[Function]}
                  onResponderMove={[Function]}
                  onResponderRelease={[Function]}
                  onResponderTerminate={[Function]}
                  onResponderTerminationRequest={[Function]}
                  onStartShouldSetResponder={[Function]}
                  style={
                    Object {
                      "alignItems": "center",
                      "backgroundColor": "#fff59b",
                      "borderColor": "#104e01",
                      "borderRadius": 5,
                      "borderWidth": 1,
                      "flexDirection": "row",
                      "height": "100%",
                      "justifyContent": "center",
                      "maxWidth": "100%",
                      "minHeight": 80.03999999999999,
                      "minWidth": 285,
                      "opacity": 1,
                      "width": "100%",
                    }
                  }
                >
                  <Icon
                    name="camera"
                    size={25}
                    style={
                      Object {
                        "color": "#104e01",
                      }
                    }
                  />
                  <Text
                    maxFontSizeMultiplier={2}
                    style={
                      Array [
                        Object {
                          "color": "#104e01",
                          "fontSize": 27.53633962602873,
                          "fontWeight": "bold",
                          "paddingHorizontal": 7.5,
                          "textAlign": "center",
                        },
                        Object {
                          "marginLeft": 22.5,
                        },
                      ]
                    }
                  >
                    Add profile picture
                  </Text>
                </View>
              </View>
            </View>
            <View
              style={
                Object {
                  "borderColor": "yellow",
                  "borderWidth": 0,
                  "width": "100%",
                }
              }
            >
              <View
                style={
                  Object {
                    "alignItems": "center",
                    "borderRadius": 5,
                    "flexDirection": "row",
                    "flexWrap": "wrap",
                    "justifyContent": "space-between",
                    "marginTop": 6.67,
                    "minHeight": 80.03999999999999,
                    "overflow": "hidden",
                    "width": "100%",
                  }
                }
              >
                <View
                  accessible={true}
                  focusable={true}
                  onClick={[Function]}
                  onResponderGrant={[Function]}
                  onResponderMove={[Function]}
                  onResponderRelease={[Function]}
                  onResponderTerminate={[Function]}
                  onResponderTerminationRequest={[Function]}
                  onStartShouldSetResponder={[Function]}
                  style={
                    Object {
                      "alignItems": "center",
                      "backgroundColor": "#fff59b",
                      "borderColor": "#104e01",
                      "borderRadius": 5,
                      "borderWidth": 1,
                      "flexDirection": "row",
                      "height": "100%",
                      "justifyContent": "space-evenly",
                      "maxWidth": "50%",
                      "minHeight": 80.03999999999999,
                      "minWidth": 285,
                      "opacity": 1,
                    }
                  }
                >
                  <Icon
                    name="login"
                    size={25}
                    style={
                      Object {
                        "color": "#104e01",
                      }
                    }
                  />
                  <Text
                    maxFontSizeMultiplier={2}
                    style={
                      Object {
                        "color": "#104e01",
                        "fontSize": 27.53633962602873,
                        "fontWeight": "bold",
                        "paddingHorizontal": 7.5,
                        "textAlign": "center",
                      }
                    }
                  >
                    Return to
                    

                     login screen
                  </Text>
                </View>
                <View
                  accessible={true}
                  focusable={true}
                  onClick={[Function]}
                  onResponderGrant={[Function]}
                  onResponderMove={[Function]}
                  onResponderRelease={[Function]}
                  onResponderTerminate={[Function]}
                  onResponderTerminationRequest={[Function]}
                  onStartShouldSetResponder={[Function]}
                  style={
                    Object {
                      "alignItems": "center",
                      "backgroundColor": "#fff59b",
                      "borderColor": "#104e01",
                      "borderRadius": 5,
                      "borderWidth": 1,
                      "flexDirection": "row",
                      "height": "100%",
                      "justifyContent": "space-evenly",
                      "maxWidth": "50%",
                      "minHeight": 80.03999999999999,
                      "minWidth": 285,
                      "opacity": 1,
                    }
                  }
                >
                  <Icon
                    name="login"
                    size={25}
                    style={
                      Object {
                        "color": "#104e01",
                      }
                    }
                  />
                  <Text
                    maxFontSizeMultiplier={2}
                    style={
                      Object {
                        "color": "#104e01",
                        "fontSize": 27.53633962602873,
                        "fontWeight": "bold",
                        "paddingHorizontal": 7.5,
                        "textAlign": "center",
                      }
                    }
                  >
                    Please
accept T&C
                  </Text>
                </View>
              </View>
            </View>
          </View>
        </View>
      </View>
    </RCTScrollView>
  </View>
</RCTSafeAreaView>
`;
