// Jest Snapshot v1, https://goo.gl/fbAQLP

exports[`Login renders; has 2 TextInputs and 5 TouchableOpacities 1`] = `
<RCTSafeAreaView
  emulateUnlessSupported={true}
  style={
    Object {
      "borderColor": "blue",
      "borderWidth": 0,
      "flex": 1,
    }
  }
>
  <View
    onLayout={[Function]}
    style={
      Array [
        Object {
          "alignItems": "center",
          "borderColor": "red",
          "borderWidth": 0,
          "flex": 1,
        },
        Object {
          "paddingBottom": 0,
        },
      ]
    }
  >
    <Image
      resizeMode="cover"
      source={1}
      style={
        Object {
          "borderColor": "black",
          "borderWidth": 0,
          "height": 1334,
          "position": "absolute",
          "width": 750,
        }
      }
    />
    <RCTScrollView
      keyboardShouldPersistTaps="always"
      nestedScrollEnabled={true}
      scrollEnabled={true}
      style={
        Object {
          "borderColor": "yellow",
          "borderWidth": 0,
          "flex": 1,
        }
      }
    >
      <View>
        <View
          accessible={true}
          focusable={true}
          onClick={[Function]}
          onResponderGrant={[Function]}
          onResponderMove={[Function]}
          onResponderRelease={[Function]}
          onResponderTerminate={[Function]}
          onResponderTerminationRequest={[Function]}
          onStartShouldSetResponder={[Function]}
          style={
            Object {
              "flex": 1,
              "opacity": 1,
            }
          }
        >
          <View
            style={
              Object {
                "alignItems": "center",
                "justifyContent": "center",
                "top": 133.4,
              }
            }
          >
            <Image
              resizeMode="contain"
              source={1}
              style={
                Object {
                  "height": 266.8,
                  "width": "75%",
                }
              }
            />
          </View>
          <View
            style={
              Array [
                Object {
                  "alignItems": "center",
                  "borderWidth": 0,
                  "justifyContent": "center",
                  "marginLeft": 75,
                  "marginRight": 75,
                  "width": 600,
                },
                Object {
                  "marginTop": 200.1,
                },
              ]
            }
          >
            <View
              style={
                Object {
                  "borderColor": "yellow",
                  "borderWidth": 0,
                  "overflow": "hidden",
                  "width": "100%",
                }
              }
            >
              <View
                style={
                  Object {
                    "alignItems": "center",
                    "borderRadius": 11.25,
                    "flexDirection": "row",
                    "flexWrap": "wrap",
                    "justifyContent": "space-between",
                    "marginTop": 6.67,
                    "minHeight": 80.03999999999999,
                    "overflow": "hidden",
                    "width": "100%",
                  }
                }
              >
                <View
                  style={
                    Object {
                      "alignItems": "center",
                      "backgroundColor": "white",
                      "borderColor": "#104e01",
                      "borderRadius": 11.25,
                      "borderWidth": 1,
                      "flexDirection": "row",
                      "height": "100%",
                      "overflow": "hidden",
                      "width": "100%",
                    }
                  }
                >
                  <Text
                    maxFontSizeMultiplier={1.5}
                    style={
                      Object {
                        "borderRadius": 11.25,
                        "color": "#505050",
                        "fontSize": 33.35,
                        "fontWeight": "bold",
                        "height": "100%",
                        "overflow": "hidden",
                        "paddingHorizontal": 15,
                        "paddingVertical": 7.5,
                        "textAlign": "center",
                        "width": "100%",
                      }
                    }
                  >
                    Welcome, chef!
                    

                     Please log in or register
                  </Text>
                </View>
              </View>
            </View>
            <View
              style={
                Object {
                  "borderColor": "yellow",
                  "borderWidth": 0,
                  "overflow": "hidden",
                  "width": "100%",
                }
              }
            >
              <View
                style={
                  Object {
                    "alignItems": "center",
                    "borderRadius": 11.25,
                    "flexDirection": "row",
                    "flexWrap": "wrap",
                    "justifyContent": "space-between",
                    "marginTop": 6.67,
                    "minHeight": 80.03999999999999,
                    "overflow": "hidden",
                    "width": "100%",
                  }
                }
              >
                <View
                  style={
                    Object {
                      "alignItems": "center",
                      "backgroundColor": "white",
                      "borderColor": "#104e01",
                      "borderRadius": 11.25,
                      "borderWidth": 1,
                      "flexDirection": "row",
                      "height": "100%",
                      "overflow": "hidden",
                      "width": "100%",
                    }
                  }
                >
                  <TextInput
                    allowFontScaling={true}
                    autoCapitalize="none"
                    autoCompleteType="email"
                    keyboardType="email-address"
                    maxFontSizeMultiplier={2}
                    onChange={[Function]}
                    placeholder="e-mail"
                    rejectResponderTermination={true}
                    style={
                      Object {
                        "fontSize": 30.595932917809698,
                        "paddingLeft": 15,
                        "paddingVertical": 6.67,
                        "textAlign": "left",
                        "textAlignVertical": "center",
                        "width": "100%",
                      }
                    }
                    textContentType="username"
                    underlineColorAndroid="transparent"
                    value=""
                  />
                </View>
              </View>
            </View>
            <View
              style={
                Object {
                  "borderColor": "yellow",
                  "borderWidth": 0,
                  "overflow": "hidden",
                  "width": "100%",
                }
              }
            >
              <View
                style={
                  Object {
                    "alignItems": "center",
                    "borderRadius": 11.25,
                    "flexDirection": "row",
                    "flexWrap": "wrap",
                    "justifyContent": "space-between",
                    "marginTop": 6.67,
                    "minHeight": 80.03999999999999,
                    "overflow": "hidden",
                    "width": "100%",
                  }
                }
              >
                <View
                  style={
                    Object {
                      "alignItems": "center",
                      "backgroundColor": "white",
                      "borderColor": "#104e01",
                      "borderRadius": 11.25,
                      "borderWidth": 1,
                      "flexDirection": "row",
                      "height": "100%",
                      "overflow": "hidden",
                      "width": "100%",
                    }
                  }
                >
                  <TextInput
                    allowFontScaling={true}
                    autoCapitalize="none"
                    autoCompleteType="password"
                    maxFontSizeMultiplier={2}
                    onChange={[Function]}
                    placeholder="password"
                    rejectResponderTermination={true}
                    secureTextEntry={true}
                    style={
                      Object {
                        "fontSize": 30.595932917809698,
                        "paddingLeft": 15,
                        "paddingVertical": 6.67,
                        "textAlign": "left",
                        "textAlignVertical": "center",
                        "width": "100%",
                      }
                    }
                    textContentType="password"
                    underlineColorAndroid="transparent"
                    value=""
                  />
                  <View
                    accessible={true}
                    focusable={true}
                    onClick={[Function]}
                    onResponderGrant={[Function]}
                    onResponderMove={[Function]}
                    onResponderRelease={[Function]}
                    onResponderTerminate={[Function]}
                    onResponderTerminationRequest={[Function]}
                    onStartShouldSetResponder={[Function]}
                    style={
                      Object {
                        "alignItems": "center",
                        "height": "100%",
                        "justifyContent": "center",
                        "opacity": 1,
                        "position": "absolute",
                        "right": 0,
                        "width": 112.5,
                        "zIndex": 0,
                      }
                    }
                  >
                    <Icon
                      name="eye"
                      size={53.36}
                      style={
                        Object {
                          "color": "#50505055",
                        }
                      }
                    />
                  </View>
                </View>
              </View>
            </View>
            <View
              style={
                Object {
                  "borderColor": "yellow",
                  "borderWidth": 0,
                  "overflow": "hidden",
                  "width": "100%",
                }
              }
            >
              <View
                style={
                  Object {
                    "alignItems": "center",
                    "borderRadius": 11.25,
                    "flexDirection": "row",
                    "flexWrap": "wrap",
                    "justifyContent": "space-between",
                    "marginTop": 6.67,
                    "minHeight": 80.03999999999999,
                    "overflow": "hidden",
                    "width": "100%",
                  }
                }
              >
                <View
                  accessible={true}
                  focusable={true}
                  onClick={[Function]}
                  onResponderGrant={[Function]}
                  onResponderMove={[Function]}
                  onResponderRelease={[Function]}
                  onResponderTerminate={[Function]}
                  onResponderTerminationRequest={[Function]}
                  onStartShouldSetResponder={[Function]}
                  style={
                    Object {
                      "alignItems": "center",
                      "backgroundColor": "#fff59b",
                      "borderColor": "#104e01",
                      "borderRadius": 11.25,
                      "borderWidth": 1,
                      "flexDirection": "row",
                      "height": "100%",
                      "justifyContent": "space-evenly",
                      "maxWidth": "50%",
                      "minHeight": 80.03999999999999,
                      "minWidth": 285,
                      "opacity": 1,
                    }
                  }
                >
                  <Text
                    maxFontSizeMultiplier={1.25}
                    style={
                      Object {
                        "color": "#104e01",
                        "fontSize": 27.53633962602873,
                        "fontWeight": "bold",
                        "paddingHorizontal": 7.5,
                        "textAlign": "center",
                      }
                    }
                  >
                    Remember
                    

                    email
                  </Text>
                  <RCTSwitch
                    accessibilityRole="switch"
                    onChange={[Function]}
                    onResponderTerminationRequest={[Function]}
                    onStartShouldSetResponder={[Function]}
                    onTintColor="#4b714299"
                    style={
                      Object {
                        "height": 31,
                        "width": 51,
                      }
                    }
                    thumbTintColor={null}
                    value={false}
                  />
                </View>
                <View
                  accessible={true}
                  focusable={true}
                  onClick={[Function]}
                  onResponderGrant={[Function]}
                  onResponderMove={[Function]}
                  onResponderRelease={[Function]}
                  onResponderTerminate={[Function]}
                  onResponderTerminationRequest={[Function]}
                  onStartShouldSetResponder={[Function]}
                  style={
                    Object {
                      "alignItems": "center",
                      "backgroundColor": "#fff59b",
                      "borderColor": "#104e01",
                      "borderRadius": 11.25,
                      "borderWidth": 1,
                      "flexDirection": "row",
                      "height": "100%",
                      "justifyContent": "space-evenly",
                      "maxWidth": "50%",
                      "minHeight": 80.03999999999999,
                      "minWidth": 285,
                      "opacity": 1,
                    }
                  }
                >
                  <Text
                    maxFontSizeMultiplier={1.5}
                    style={
                      Object {
                        "color": "#104e01",
                        "fontSize": 27.53633962602873,
                        "fontWeight": "bold",
                        "paddingHorizontal": 7.5,
                        "textAlign": "center",
                      }
                    }
                  >
                    Stay
                    

                     logged in
                  </Text>
                  <RCTSwitch
                    accessibilityRole="switch"
                    onChange={[Function]}
                    onResponderTerminationRequest={[Function]}
                    onStartShouldSetResponder={[Function]}
                    onTintColor="#4b714299"
                    style={
                      Object {
                        "height": 31,
                        "width": 51,
                      }
                    }
                    thumbTintColor={null}
                    value={false}
                  />
                </View>
              </View>
            </View>
            <View
              style={
                Object {
                  "borderColor": "yellow",
                  "borderWidth": 0,
                  "overflow": "hidden",
                  "width": "100%",
                }
              }
            >
              <View
                style={
                  Object {
                    "alignItems": "center",
                    "borderRadius": 11.25,
                    "flexDirection": "row",
                    "flexWrap": "wrap",
                    "justifyContent": "space-between",
                    "marginTop": 6.67,
                    "minHeight": 80.03999999999999,
                    "overflow": "hidden",
                    "width": "100%",
                  }
                }
              >
                <View
                  accessible={true}
                  focusable={true}
                  onClick={[Function]}
                  onResponderGrant={[Function]}
                  onResponderMove={[Function]}
                  onResponderRelease={[Function]}
                  onResponderTerminate={[Function]}
                  onResponderTerminationRequest={[Function]}
                  onStartShouldSetResponder={[Function]}
                  style={
                    Object {
                      "alignItems": "center",
                      "backgroundColor": "#fff59b",
                      "borderColor": "#104e01",
                      "borderRadius": 11.25,
                      "borderWidth": 1,
                      "flexDirection": "row",
                      "height": "100%",
                      "justifyContent": "space-evenly",
                      "maxWidth": "50%",
                      "minHeight": 80.03999999999999,
                      "minWidth": 285,
                      "opacity": 1,
                    }
                  }
                >
                  <Icon
                    name="account-plus"
                    size={53.36}
                    style={
                      Object {
                        "color": "#104e01",
                      }
                    }
                  />
                  <Text
                    maxFontSizeMultiplier={1.5}
                    style={
                      Object {
                        "color": "#104e01",
                        "fontSize": 27.53633962602873,
                        "fontWeight": "bold",
                        "paddingHorizontal": 7.5,
                        "textAlign": "center",
                      }
                    }
                  >
                    Register
                  </Text>
                </View>
                <View
                  accessible={true}
                  focusable={true}
                  onClick={[Function]}
                  onResponderGrant={[Function]}
                  onResponderMove={[Function]}
                  onResponderRelease={[Function]}
                  onResponderTerminate={[Function]}
                  onResponderTerminationRequest={[Function]}
                  onStartShouldSetResponder={[Function]}
                  style={
                    Object {
                      "alignItems": "center",
                      "backgroundColor": "#fff59b",
                      "borderColor": "#104e01",
                      "borderRadius": 11.25,
                      "borderWidth": 1,
                      "flexDirection": "row",
                      "height": "100%",
                      "justifyContent": "space-evenly",
                      "maxWidth": "50%",
                      "minHeight": 80.03999999999999,
                      "minWidth": 285,
                      "opacity": 1,
                    }
                  }
                >
                  <Icon
                    name="lock-open"
                    size={53.36}
                    style={
                      Object {
                        "color": "#104e01",
                      }
                    }
                  />
                  <Text
                    maxFontSizeMultiplier={1.7}
                    style={
                      Object {
                        "color": "#104e01",
                        "fontSize": 27.53633962602873,
                        "fontWeight": "bold",
                        "paddingHorizontal": 7.5,
                        "textAlign": "center",
                      }
                    }
                  >
                    Forgot
                    

                    password
                  </Text>
                </View>
              </View>
            </View>
            <View
              style={
                Object {
                  "borderColor": "yellow",
                  "borderWidth": 0,
                  "overflow": "hidden",
                  "width": "100%",
                }
              }
            >
              <View
                style={
                  Object {
                    "alignItems": "center",
                    "borderRadius": 11.25,
                    "flexDirection": "row",
                    "flexWrap": "wrap",
                    "justifyContent": "space-between",
                    "marginTop": 6.67,
                    "minHeight": 80.03999999999999,
                    "overflow": "hidden",
                    "width": "100%",
                  }
                }
              >
                <View
                  accessible={true}
                  focusable={true}
                  onClick={[Function]}
                  onResponderGrant={[Function]}
                  onResponderMove={[Function]}
                  onResponderRelease={[Function]}
                  onResponderTerminate={[Function]}
                  onResponderTerminationRequest={[Function]}
                  onStartShouldSetResponder={[Function]}
                  style={
                    Object {
                      "alignItems": "center",
                      "backgroundColor": "#fff59b",
                      "borderColor": "#104e01",
                      "borderRadius": 11.25,
                      "borderWidth": 1,
                      "flexDirection": "row",
                      "height": "100%",
                      "justifyContent": "center",
                      "maxWidth": "100%",
                      "minHeight": 80.03999999999999,
                      "minWidth": 285,
                      "opacity": 1,
                      "width": "100%",
                    }
                  }
                >
                  <Icon
                    name="login"
                    size={53.36}
                    style={
                      Object {
                        "color": "#104e01",
                      }
                    }
                  />
                  <Text
                    maxFontSizeMultiplier={2}
                    style={
                      Array [
                        Object {
                          "color": "#104e01",
                          "fontSize": 27.53633962602873,
                          "fontWeight": "bold",
                          "paddingHorizontal": 7.5,
                          "textAlign": "center",
                        },
                        Object {
                          "marginLeft": 30,
                        },
                      ]
                    }
                  >
                    Login
                  </Text>
                </View>
              </View>
            </View>
          </View>
        </View>
      </View>
    </RCTScrollView>
  </View>
</RCTSafeAreaView>
`;
